// Jest Snapshot v1, https://goo.gl/fbAQLP

exports[`IndexPage matches snapshot 1`] = `
<div>
  <h1>
    Hello World
  </h1>
  <div>
    <button
      class="button button-secondary"
    >
      Click me
    </button>
  </div>
  <div>
    <label>
      <input
        type="checkbox"
      />
      false
    </label>
  </div>
  <div>
    <button>
      Click me
    </button>
    <span>
      You clicked 
      0
       times
    </span>
  </div>
  <div>
    <i
      class="fa-thumbs-up"
    />
  </div>
</div>
`;
