// Jest Snapshot v1, https://goo.gl/fbAQLP

exports[`FAIcon matches snapshot 1`] = `
<i
  class="fa-thumbs-up"
/>
`;
